// Jest Snapshot v1, https://goo.gl/fbAQLP

exports[`should query all events 1`] = `
Object {
  "events": Object {
    "edges": Array [
      Object {
        "node": Object {
          "allDay": false,
          "end": "2019-01-02T23:59:59.000Z",
          "name": "event B",
          "start": "2019-01-02T00:00:00.000Z",
        },
      },
      Object {
        "node": Object {
          "allDay": true,
          "end": "2019-01-01T23:59:59.000Z",
          "name": "event A",
          "start": "2019-01-01T00:00:00.000Z",
        },
      },
    ],
  },
}
`;
