// Jest Snapshot v1, https://goo.gl/fbAQLP

exports[`should update a event 1`] = `
Object {
  "EventUpdate": Object {
    "error": "EMPTY",
    "event": Object {
      "allDay": false,
      "end": "2022-01-02T23:59:59.000Z",
      "id": "FROZEN-ID",
      "name": "event B",
      "start": "2022-01-02T00:00:00.000Z",
    },
    "success": "Event updated /o/",
  },
}
`;
